// Jest Snapshot v1, https://goo.gl/fbAQLP

exports[`renders correctly when corrected 1`] = `
<div
  className=""
>
   
   
</div>
`;
